--------------------------------------------------------------------------------
Release 14.7 Trace  (nt64)
Copyright (c) 1995-2013 Xilinx, Inc.  All rights reserved.

C:\Xilinx\14.7\ISE_DS\ISE\bin\nt64\unwrapped\trce.exe -intstyle ise -v 3 -s 2
-n 3 -fastpaths -xml ect_master.twx ect_master.ncd -o ect_master.twr
ect_master.pcf -ucf ect_master_0.ucf

Design file:              ect_master.ncd
Physical constraint file: ect_master.pcf
Device,package,speed:     xc6slx4,cpg196,C,-2 (PRODUCTION 1.23 2013-10-13)
Report level:             verbose report

Environment Variable      Effect 
--------------------      ------ 
NONE                      No environment variables were set
--------------------------------------------------------------------------------

INFO:Timing:2698 - No timing constraints found, doing default enumeration.
INFO:Timing:3412 - To improve timing, see the Timing Closure User Guide (UG612).
INFO:Timing:2752 - To get complete path coverage, use the unconstrained paths 
   option. All paths that are not constrained will be reported in the 
   unconstrained paths section(s) of the report.
INFO:Timing:3339 - The clock-to-out numbers in this timing report are based on 
   a 50 Ohm transmission line loading model.  For the details of this model, 
   and for more information on accounting for different loading conditions, 
   please see the device datasheet.



Data Sheet report:
-----------------
All values displayed in nanoseconds (ns)

Setup/Hold to clock clk
------------+------------+------------+------------+------------+------------------+--------+
            |Max Setup to|  Process   |Max Hold to |  Process   |                  | Clock  |
Source      | clk (edge) |   Corner   | clk (edge) |   Corner   |Internal Clock(s) | Phase  |
------------+------------+------------+------------+------------+------------------+--------+
RXD         |    5.635(R)|      SLOW  |   -2.444(R)|      FAST  |clkmain           |   0.000|
din<0>      |    4.986(R)|      SLOW  |   -1.981(R)|      FAST  |DACLK_OBUF        |   0.000|
din<1>      |    4.795(R)|      SLOW  |   -1.917(R)|      FAST  |DACLK_OBUF        |   0.000|
din<2>      |    4.941(R)|      SLOW  |   -1.955(R)|      FAST  |DACLK_OBUF        |   0.000|
din<3>      |    4.780(R)|      SLOW  |   -1.932(R)|      FAST  |DACLK_OBUF        |   0.000|
din<4>      |    4.992(R)|      SLOW  |   -2.018(R)|      FAST  |DACLK_OBUF        |   0.000|
din<5>      |    4.608(R)|      SLOW  |   -1.866(R)|      FAST  |DACLK_OBUF        |   0.000|
din<6>      |    5.029(R)|      SLOW  |   -2.014(R)|      FAST  |DACLK_OBUF        |   0.000|
din<7>      |    4.639(R)|      SLOW  |   -1.893(R)|      FAST  |DACLK_OBUF        |   0.000|
din<8>      |    5.053(R)|      SLOW  |   -2.050(R)|      FAST  |DACLK_OBUF        |   0.000|
din<9>      |    4.926(R)|      SLOW  |   -2.038(R)|      FAST  |DACLK_OBUF        |   0.000|
din<10>     |    4.791(R)|      SLOW  |   -1.906(R)|      FAST  |DACLK_OBUF        |   0.000|
din<11>     |    4.618(R)|      SLOW  |   -1.875(R)|      FAST  |DACLK_OBUF        |   0.000|
din<12>     |    5.244(R)|      SLOW  |   -2.202(R)|      FAST  |DACLK_OBUF        |   0.000|
din<13>     |    5.245(R)|      SLOW  |   -2.259(R)|      FAST  |DACLK_OBUF        |   0.000|
------------+------------+------------+------------+------------+------------------+--------+

Clock clk to Pad
------------+-----------------+------------+-----------------+------------+------------------+--------+
            |Max (slowest) clk|  Process   |Min (fastest) clk|  Process   |                  | Clock  |
Destination |  (edge) to PAD  |   Corner   |  (edge) to PAD  |   Corner   |Internal Clock(s) | Phase  |
------------+-----------------+------------+-----------------+------------+------------------+--------+
DO<0>       |         8.171(R)|      SLOW  |         3.720(R)|      FAST  |DACLK_OBUF        |   0.000|
DO<1>       |         7.940(R)|      SLOW  |         3.574(R)|      FAST  |DACLK_OBUF        |   0.000|
DO<2>       |         7.579(R)|      SLOW  |         3.419(R)|      FAST  |DACLK_OBUF        |   0.000|
DO<3>       |         7.178(R)|      SLOW  |         3.127(R)|      FAST  |DACLK_OBUF        |   0.000|
DO<4>       |         7.722(R)|      SLOW  |         3.476(R)|      FAST  |DACLK_OBUF        |   0.000|
DO<5>       |         7.575(R)|      SLOW  |         3.341(R)|      FAST  |DACLK_OBUF        |   0.000|
DO<6>       |         8.374(R)|      SLOW  |         3.836(R)|      FAST  |DACLK_OBUF        |   0.000|
DO<7>       |         7.992(R)|      SLOW  |         3.594(R)|      FAST  |DACLK_OBUF        |   0.000|
DO<8>       |         9.840(R)|      SLOW  |         4.876(R)|      FAST  |DACLK_OBUF        |   0.000|
DO<9>       |         7.705(R)|      SLOW  |         3.427(R)|      FAST  |DACLK_OBUF        |   0.000|
DO<10>      |         9.809(R)|      SLOW  |         4.842(R)|      FAST  |DACLK_OBUF        |   0.000|
DO<11>      |         7.161(R)|      SLOW  |         3.173(R)|      FAST  |DACLK_OBUF        |   0.000|
DO<12>      |         9.282(R)|      SLOW  |         4.447(R)|      FAST  |DACLK_OBUF        |   0.000|
DO<13>      |         7.710(R)|      SLOW  |         3.480(R)|      FAST  |DACLK_OBUF        |   0.000|
TXD         |         7.383(R)|      SLOW  |         3.326(R)|      FAST  |clkmain           |   0.000|
astb        |         7.064(R)|      SLOW  |         3.189(R)|      FAST  |clkmain           |   0.000|
dstb        |         7.189(R)|      SLOW  |         3.290(R)|      FAST  |clkmain           |   0.000|
led<0>      |         6.759(R)|      SLOW  |         3.078(R)|      FAST  |clkmain           |   0.000|
led<1>      |         6.855(R)|      SLOW  |         3.164(R)|      FAST  |clkmain           |   0.000|
led<2>      |         6.806(R)|      SLOW  |         3.122(R)|      FAST  |clkmain           |   0.000|
led<3>      |         6.442(R)|      SLOW  |         2.842(R)|      FAST  |clkmain           |   0.000|
pwr         |         5.701(R)|      SLOW  |         2.413(R)|      FAST  |clkmain           |   0.000|
------------+-----------------+------------+-----------------+------------+------------------+--------+

Clock to Setup on destination clock clk
---------------+---------+---------+---------+---------+
               | Src:Rise| Src:Fall| Src:Rise| Src:Fall|
Source Clock   |Dest:Rise|Dest:Rise|Dest:Fall|Dest:Fall|
---------------+---------+---------+---------+---------+
clk            |    9.583|         |         |         |
---------------+---------+---------+---------+---------+

Pad to Pad
---------------+---------------+---------+
Source Pad     |Destination Pad|  Delay  |
---------------+---------------+---------+
clk            |ADCLK          |    5.041|
clk            |DACLK          |    5.302|
---------------+---------------+---------+


Analysis completed Wed Oct 24 17:02:25 2018 
--------------------------------------------------------------------------------

Trace Settings:
-------------------------
Trace Settings 

Peak Memory Usage: 242 MB



